C:\Users\piras\Documents\maurodev\errorisgood\src\main\java\error\exception\CustomException.java
C:\Users\piras\Documents\maurodev\errorisgood\src\main\java\ResponseTryGenerator.java
C:\Users\piras\Documents\maurodev\errorisgood\src\main\java\error\exception\RestExceptionHandler.java
C:\Users\piras\Documents\maurodev\errorisgood\src\main\java\error\exception\UserNotAuthenticatedException.java
C:\Users\piras\Documents\maurodev\errorisgood\src\main\java\error\exception\ExceptionMessage.java
C:\Users\piras\Documents\maurodev\errorisgood\src\main\java\error\UserError.java
C:\Users\piras\Documents\maurodev\errorisgood\src\main\java\error\Error.java
C:\Users\piras\Documents\maurodev\errorisgood\src\main\java\error\exception\NotFoundException.java
C:\Users\piras\Documents\maurodev\errorisgood\src\main\java\error\ErrorResponse.java
C:\Users\piras\Documents\maurodev\errorisgood\src\main\java\error\exception\AlreadyExistsException.java
C:\Users\piras\Documents\maurodev\errorisgood\src\main\java\MessageConstants.java
C:\Users\piras\Documents\maurodev\errorisgood\src\main\java\error\exception\BadRequestException.java
C:\Users\piras\Documents\maurodev\errorisgood\src\main\java\OutputMessage.java
