C:\Users\piras\Documents\maurodev\errorisgood\src\main\java\it\mauropiras\errorisgood\error\ErrorResponse.java
C:\Users\piras\Documents\maurodev\errorisgood\src\main\java\it\mauropiras\errorisgood\exception\RestExceptionHandler.java
C:\Users\piras\Documents\maurodev\errorisgood\src\main\java\it\mauropiras\errorisgood\exception\ExceptionMessage.java
C:\Users\piras\Documents\maurodev\errorisgood\src\main\java\it\mauropiras\errorisgood\exception\UserNotAuthenticatedException.java
C:\Users\piras\Documents\maurodev\errorisgood\src\main\java\it\mauropiras\errorisgood\error\UserError.java
C:\Users\piras\Documents\maurodev\errorisgood\src\main\java\it\mauropiras\errorisgood\exception\NotFoundException.java
C:\Users\piras\Documents\maurodev\errorisgood\src\main\java\it\mauropiras\errorisgood\MessageConstants.java
C:\Users\piras\Documents\maurodev\errorisgood\src\main\java\it\mauropiras\errorisgood\error\Error.java
C:\Users\piras\Documents\maurodev\errorisgood\src\main\java\it\mauropiras\errorisgood\exception\BadRequestException.java
C:\Users\piras\Documents\maurodev\errorisgood\src\main\java\it\mauropiras\errorisgood\OutputMessage.java
C:\Users\piras\Documents\maurodev\errorisgood\src\main\java\it\mauropiras\errorisgood\ResponseTryGenerator.java
C:\Users\piras\Documents\maurodev\errorisgood\src\main\java\it\mauropiras\errorisgood\exception\AlreadyExistsException.java
C:\Users\piras\Documents\maurodev\errorisgood\src\main\java\it\mauropiras\errorisgood\exception\CustomException.java
